mov r0, 4
str r0, [sp, 2]

mov r0, 5
str r0, [sp, 4]

ldr r0, [sp, 2]
ldr r1, [sp, 4]

add r0, r1
str r0, [sp, 2]
